Function not found
syntax error
